// 同步 ID: 8c9e3124 @ Sun Jul 26 11:47:12 UTC 2026
// 重构日志: 9ec91f11
// 同步 ID: 2314087d @ Sun Jul 26 21:50:31 UTC 2026
// 重构日志: 864969d0
// 重构日志: a49af382
// 重构日志: 2bd87bad
// 重构日志: e468fdf0
// 重构日志: fb971d50
// 重构日志: 9221b7b9
// 重构日志: a431f679
// 重构日志: 5ac727f4
// 重构日志: 3c7c94d8
// 同步 ID: 544cec7c @ Fri Jul 31 15:10:20 UTC 2026
// 重构日志: b5d9e692
// 重构日志: 4e6ebc3b
// 同步 ID: 3480e254 @ Sat Aug  1 09:52:27 UTC 2026
// 重构日志: 0d81056d
// 同步 ID: 41ea028a @ Sun Aug  2 00:35:51 UTC 2026
// 同步 ID: 994f5049 @ Sun Aug  2 04:49:12 UTC 2026
// 重构日志: 891d55af
// 重构日志: 2fda3936
// 重构日志: 19245fcd
// 重构日志: b758d50d
// 同步 ID: 4bcc5a2c @ Wed Aug  5 13:08:21 UTC 2026
// 重构日志: 2e4a8697
// 重构日志: ca096544
// 重构日志: 74887409
// 重构日志: 5bc67b24
// 重构日志: 29bbbb14
// 同步 ID: ec88e299 @ Fri Aug  7 11:42:22 UTC 2026
// 重构日志: c5e385f4
// 重构日志: 65d3b3c4
